.title kicad schematic

.include 4_and.sub
.include 3_and.sub
.include 5_and.sub
* u15 net-_u14-pad1_ net-_u14-pad2_ net-_u15-pad3_ d_nand
* u14 net-_u14-pad1_ net-_u14-pad2_ net-_u14-pad3_ d_nor
* u7 net-_u1-pad8_ net-_u14-pad2_ d_inverter
* u6 net-_u1-pad7_ net-_u14-pad1_ d_inverter
* u16 net-_u16-pad1_ net-_u16-pad2_ net-_u16-pad3_ d_nor
* u17 net-_u16-pad1_ net-_u16-pad2_ net-_u17-pad3_ d_nand
* u18 net-_u1-pad13_ net-_u18-pad2_ d_inverter
* u9 net-_u1-pad10_ net-_u16-pad2_ d_inverter
* u8 net-_u1-pad11_ net-_u16-pad1_ d_inverter
* u1 net-_u1-pad1_ net-_u1-pad2_ net-_u1-pad3_ net-_u1-pad4_ unconnected-_u1-pad5_ net-_u1-pad6_ net-_u1-pad7_ net-_u1-pad8_ net-_u1-pad9_ net-_u1-pad10_ net-_u1-pad11_ unconnected-_u1-pad12_ net-_u1-pad13_ net-_u1-pad14_ net-_u1-pad15_ net-_u1-pad16_ port
* u10 net-_u10-pad1_ net-_u10-pad2_ net-_u10-pad3_ d_nor
* u11 net-_u10-pad1_ net-_u10-pad2_ net-_u11-pad3_ d_nand
* u12 net-_u12-pad1_ net-_u12-pad2_ net-_u12-pad3_ d_nor
* u13 net-_u12-pad1_ net-_u12-pad2_ net-_u13-pad3_ d_nand
* u3 net-_u1-pad1_ net-_u10-pad2_ d_inverter
* u2 net-_u1-pad16_ net-_u10-pad1_ d_inverter
* u4 net-_u1-pad4_ net-_u12-pad1_ d_inverter
* u5 net-_u1-pad3_ net-_u12-pad2_ d_inverter
* u50 net-_u50-pad1_ net-_u50-pad2_ d_inverter
x7 net-_u33-pad2_ net-_u40-pad3_ net-_u46-pad2_ net-_u48-pad2_ net-_u50-pad1_ 4_and
* u28 net-_u22-pad2_ net-_u28-pad2_ d_inverter
* u36 net-_u21-pad2_ net-_u28-pad2_ net-_u36-pad3_ d_nand
* u37 net-_u24-pad2_ net-_u37-pad2_ d_inverter
* u48 net-_u48-pad1_ net-_u48-pad2_ d_inverter
* u46 net-_u46-pad1_ net-_u46-pad2_ d_inverter
* u47 net-_u47-pad1_ net-_u47-pad2_ d_inverter
* u41 net-_u26-pad2_ net-_u23-pad2_ net-_u41-pad3_ d_nand
x5 net-_u23-pad2_ net-_u25-pad2_ net-_u18-pad2_ net-_u47-pad1_ 3_and
* u57 net-_u35-pad3_ net-_u57-pad2_ d_inverter
* u58 net-_u50-pad2_ net-_u58-pad2_ d_inverter
* u60 net-_u36-pad3_ net-_u60-pad2_ d_inverter
* u59 net-_u51-pad2_ net-_u59-pad2_ d_inverter
* u20 net-_u11-pad3_ net-_u20-pad2_ d_inverter
* u19 net-_u10-pad3_ net-_u19-pad2_ d_inverter
x4 net-_u26-pad2_ net-_u21-pad2_ net-_u23-pad2_ net-_u46-pad1_ 3_and
x6 net-_u21-pad2_ net-_u23-pad2_ net-_u25-pad2_ net-_u18-pad2_ net-_u48-pad1_ 4_and
* u22 net-_u13-pad3_ net-_u22-pad2_ d_inverter
* u21 net-_u12-pad3_ net-_u21-pad2_ d_inverter
* u27 net-_u20-pad2_ net-_u27-pad2_ d_inverter
* u33 net-_u22-pad2_ net-_u33-pad2_ d_inverter
* u40 net-_u24-pad2_ net-_u21-pad2_ net-_u40-pad3_ d_nand
* u35 net-_u19-pad2_ net-_u27-pad2_ net-_u35-pad3_ d_nand
* u38 net-_u25-pad2_ net-_u18-pad2_ net-_u38-pad3_ d_nand
* u39 net-_u25-pad2_ net-_u29-pad2_ net-_u39-pad3_ d_nand
* u29 net-_u26-pad2_ net-_u29-pad2_ d_inverter
* u49 net-_u34-pad2_ net-_u38-pad3_ net-_u49-pad3_ d_nand
* u34 net-_u26-pad2_ net-_u34-pad2_ d_inverter
* u42 net-_u23-pad2_ net-_u30-pad2_ net-_u42-pad3_ d_nand
* u55 net-_u39-pad3_ net-_u55-pad2_ d_inverter
* u54 net-_u49-pad3_ net-_u54-pad2_ d_inverter
* u56 net-_u42-pad3_ net-_u56-pad2_ d_inverter
x8 net-_u37-pad2_ net-_u41-pad3_ net-_u47-pad2_ net-_u51-pad1_ 3_and
* u51 net-_u51-pad1_ net-_u51-pad2_ d_inverter
* u30 net-_u24-pad2_ net-_u30-pad2_ d_inverter
* u26 net-_u17-pad3_ net-_u26-pad2_ d_inverter
* u25 net-_u16-pad3_ net-_u25-pad2_ d_inverter
* u23 net-_u14-pad3_ net-_u23-pad2_ d_inverter
* u24 net-_u15-pad3_ net-_u24-pad2_ d_inverter
x3 net-_u19-pad2_ net-_u21-pad2_ net-_u23-pad2_ net-_u25-pad2_ net-_u18-pad2_ net-_u45-pad1_ 5_and
* u45 net-_u45-pad1_ net-_u45-pad2_ d_inverter
x1 net-_u24-pad2_ net-_u19-pad2_ net-_u21-pad2_ net-_u43-pad1_ 3_and
* u32 net-_u22-pad2_ net-_u19-pad2_ net-_u32-pad3_ d_nand
* u44 net-_u44-pad1_ net-_u44-pad2_ d_inverter
* u31 net-_u20-pad2_ net-_u31-pad2_ d_inverter
x2 net-_u26-pad2_ net-_u19-pad2_ net-_u21-pad2_ net-_u23-pad2_ net-_u44-pad1_ 4_and
* u43 net-_u43-pad1_ net-_u43-pad2_ d_inverter
x9 net-_u31-pad2_ net-_u32-pad3_ net-_u43-pad2_ net-_u44-pad2_ net-_u45-pad2_ net-_u52-pad1_ 5_and
* u52 net-_u52-pad1_ net-_u52-pad2_ d_inverter
* u53 net-_u18-pad2_ net-_u53-pad2_ d_inverter
* u63 net-_u39-pad3_ net-_u18-pad2_ net-_u63-pad3_ d_nand
* u62 net-_u55-pad2_ net-_u53-pad2_ net-_u62-pad3_ d_nand
* u77 net-_u71-pad3_ net-_u1-pad6_ d_inverter
* u66 net-_u42-pad3_ net-_u49-pad3_ net-_u66-pad3_ d_nand
* u64 net-_u56-pad2_ net-_u54-pad2_ net-_u64-pad3_ d_nand
* u71 net-_u64-pad3_ net-_u66-pad3_ net-_u71-pad3_ d_nand
* u72 net-_u62-pad3_ net-_u63-pad3_ net-_u72-pad3_ d_nand
* u76 net-_u72-pad3_ net-_u1-pad9_ d_inverter
* u70 net-_u61-pad2_ net-_u70-pad2_ d_inverter
* u61 net-_u52-pad2_ net-_u61-pad2_ d_inverter
* u74 net-_u68-pad3_ net-_u69-pad3_ net-_u74-pad3_ d_nand
* u73 net-_u65-pad3_ net-_u67-pad3_ net-_u73-pad3_ d_nand
* u75 net-_u70-pad2_ net-_u1-pad14_ d_inverter
* u79 net-_u73-pad3_ net-_u1-pad15_ d_inverter
* u78 net-_u74-pad3_ net-_u1-pad2_ d_inverter
* u68 net-_u60-pad2_ net-_u59-pad2_ net-_u68-pad3_ d_nand
* u65 net-_u57-pad2_ net-_u58-pad2_ net-_u65-pad3_ d_nand
* u67 net-_u35-pad3_ net-_u50-pad2_ net-_u67-pad3_ d_nand
* u69 net-_u36-pad3_ net-_u51-pad2_ net-_u69-pad3_ d_nand
a1 [net-_u14-pad1_ net-_u14-pad2_ ] net-_u15-pad3_ u15
a2 [net-_u14-pad1_ net-_u14-pad2_ ] net-_u14-pad3_ u14
a3 net-_u1-pad8_ net-_u14-pad2_ u7
a4 net-_u1-pad7_ net-_u14-pad1_ u6
a5 [net-_u16-pad1_ net-_u16-pad2_ ] net-_u16-pad3_ u16
a6 [net-_u16-pad1_ net-_u16-pad2_ ] net-_u17-pad3_ u17
a7 net-_u1-pad13_ net-_u18-pad2_ u18
a8 net-_u1-pad10_ net-_u16-pad2_ u9
a9 net-_u1-pad11_ net-_u16-pad1_ u8
a10 [net-_u10-pad1_ net-_u10-pad2_ ] net-_u10-pad3_ u10
a11 [net-_u10-pad1_ net-_u10-pad2_ ] net-_u11-pad3_ u11
a12 [net-_u12-pad1_ net-_u12-pad2_ ] net-_u12-pad3_ u12
a13 [net-_u12-pad1_ net-_u12-pad2_ ] net-_u13-pad3_ u13
a14 net-_u1-pad1_ net-_u10-pad2_ u3
a15 net-_u1-pad16_ net-_u10-pad1_ u2
a16 net-_u1-pad4_ net-_u12-pad1_ u4
a17 net-_u1-pad3_ net-_u12-pad2_ u5
a18 net-_u50-pad1_ net-_u50-pad2_ u50
a19 net-_u22-pad2_ net-_u28-pad2_ u28
a20 [net-_u21-pad2_ net-_u28-pad2_ ] net-_u36-pad3_ u36
a21 net-_u24-pad2_ net-_u37-pad2_ u37
a22 net-_u48-pad1_ net-_u48-pad2_ u48
a23 net-_u46-pad1_ net-_u46-pad2_ u46
a24 net-_u47-pad1_ net-_u47-pad2_ u47
a25 [net-_u26-pad2_ net-_u23-pad2_ ] net-_u41-pad3_ u41
a26 net-_u35-pad3_ net-_u57-pad2_ u57
a27 net-_u50-pad2_ net-_u58-pad2_ u58
a28 net-_u36-pad3_ net-_u60-pad2_ u60
a29 net-_u51-pad2_ net-_u59-pad2_ u59
a30 net-_u11-pad3_ net-_u20-pad2_ u20
a31 net-_u10-pad3_ net-_u19-pad2_ u19
a32 net-_u13-pad3_ net-_u22-pad2_ u22
a33 net-_u12-pad3_ net-_u21-pad2_ u21
a34 net-_u20-pad2_ net-_u27-pad2_ u27
a35 net-_u22-pad2_ net-_u33-pad2_ u33
a36 [net-_u24-pad2_ net-_u21-pad2_ ] net-_u40-pad3_ u40
a37 [net-_u19-pad2_ net-_u27-pad2_ ] net-_u35-pad3_ u35
a38 [net-_u25-pad2_ net-_u18-pad2_ ] net-_u38-pad3_ u38
a39 [net-_u25-pad2_ net-_u29-pad2_ ] net-_u39-pad3_ u39
a40 net-_u26-pad2_ net-_u29-pad2_ u29
a41 [net-_u34-pad2_ net-_u38-pad3_ ] net-_u49-pad3_ u49
a42 net-_u26-pad2_ net-_u34-pad2_ u34
a43 [net-_u23-pad2_ net-_u30-pad2_ ] net-_u42-pad3_ u42
a44 net-_u39-pad3_ net-_u55-pad2_ u55
a45 net-_u49-pad3_ net-_u54-pad2_ u54
a46 net-_u42-pad3_ net-_u56-pad2_ u56
a47 net-_u51-pad1_ net-_u51-pad2_ u51
a48 net-_u24-pad2_ net-_u30-pad2_ u30
a49 net-_u17-pad3_ net-_u26-pad2_ u26
a50 net-_u16-pad3_ net-_u25-pad2_ u25
a51 net-_u14-pad3_ net-_u23-pad2_ u23
a52 net-_u15-pad3_ net-_u24-pad2_ u24
a53 net-_u45-pad1_ net-_u45-pad2_ u45
a54 [net-_u22-pad2_ net-_u19-pad2_ ] net-_u32-pad3_ u32
a55 net-_u44-pad1_ net-_u44-pad2_ u44
a56 net-_u20-pad2_ net-_u31-pad2_ u31
a57 net-_u43-pad1_ net-_u43-pad2_ u43
a58 net-_u52-pad1_ net-_u52-pad2_ u52
a59 net-_u18-pad2_ net-_u53-pad2_ u53
a60 [net-_u39-pad3_ net-_u18-pad2_ ] net-_u63-pad3_ u63
a61 [net-_u55-pad2_ net-_u53-pad2_ ] net-_u62-pad3_ u62
a62 net-_u71-pad3_ net-_u1-pad6_ u77
a63 [net-_u42-pad3_ net-_u49-pad3_ ] net-_u66-pad3_ u66
a64 [net-_u56-pad2_ net-_u54-pad2_ ] net-_u64-pad3_ u64
a65 [net-_u64-pad3_ net-_u66-pad3_ ] net-_u71-pad3_ u71
a66 [net-_u62-pad3_ net-_u63-pad3_ ] net-_u72-pad3_ u72
a67 net-_u72-pad3_ net-_u1-pad9_ u76
a68 net-_u61-pad2_ net-_u70-pad2_ u70
a69 net-_u52-pad2_ net-_u61-pad2_ u61
a70 [net-_u68-pad3_ net-_u69-pad3_ ] net-_u74-pad3_ u74
a71 [net-_u65-pad3_ net-_u67-pad3_ ] net-_u73-pad3_ u73
a72 net-_u70-pad2_ net-_u1-pad14_ u75
a73 net-_u73-pad3_ net-_u1-pad15_ u79
a74 net-_u74-pad3_ net-_u1-pad2_ u78
a75 [net-_u60-pad2_ net-_u59-pad2_ ] net-_u68-pad3_ u68
a76 [net-_u57-pad2_ net-_u58-pad2_ ] net-_u65-pad3_ u65
a77 [net-_u35-pad3_ net-_u50-pad2_ ] net-_u67-pad3_ u67
a78 [net-_u36-pad3_ net-_u51-pad2_ ] net-_u69-pad3_ u69
* Schematic Name:                             d_nand, Ngspice Name: d_nand
.model u15 d_nand(rise_delay=1.0e-9 fall_delay=1.0e-9 input_load=1.0e-12 ) 
* Schematic Name:                             d_nor, Ngspice Name: d_nor
.model u14 d_nor(rise_delay=1.0e-9 fall_delay=1.0e-9 input_load=1.0e-12 ) 
* Schematic Name:                             d_inverter, Ngspice Name: d_inverter
.model u7 d_inverter(rise_delay=1.0e-9 fall_delay=1.0e-9 input_load=1.0e-12 ) 
* Schematic Name:                             d_inverter, Ngspice Name: d_inverter
.model u6 d_inverter(rise_delay=1.0e-9 fall_delay=1.0e-9 input_load=1.0e-12 ) 
* Schematic Name:                             d_nor, Ngspice Name: d_nor
.model u16 d_nor(rise_delay=1.0e-9 fall_delay=1.0e-9 input_load=1.0e-12 ) 
* Schematic Name:                             d_nand, Ngspice Name: d_nand
.model u17 d_nand(rise_delay=1.0e-9 fall_delay=1.0e-9 input_load=1.0e-12 ) 
* Schematic Name:                             d_inverter, Ngspice Name: d_inverter
.model u18 d_inverter(rise_delay=1.0e-9 fall_delay=1.0e-9 input_load=1.0e-12 ) 
* Schematic Name:                             d_inverter, Ngspice Name: d_inverter
.model u9 d_inverter(rise_delay=1.0e-9 fall_delay=1.0e-9 input_load=1.0e-12 ) 
* Schematic Name:                             d_inverter, Ngspice Name: d_inverter
.model u8 d_inverter(rise_delay=1.0e-9 fall_delay=1.0e-9 input_load=1.0e-12 ) 
* Schematic Name:                             d_nor, Ngspice Name: d_nor
.model u10 d_nor(rise_delay=1.0e-9 fall_delay=1.0e-9 input_load=1.0e-12 ) 
* Schematic Name:                             d_nand, Ngspice Name: d_nand
.model u11 d_nand(rise_delay=1.0e-9 fall_delay=1.0e-9 input_load=1.0e-12 ) 
* Schematic Name:                             d_nor, Ngspice Name: d_nor
.model u12 d_nor(rise_delay=1.0e-9 fall_delay=1.0e-9 input_load=1.0e-12 ) 
* Schematic Name:                             d_nand, Ngspice Name: d_nand
.model u13 d_nand(rise_delay=1.0e-9 fall_delay=1.0e-9 input_load=1.0e-12 ) 
* Schematic Name:                             d_inverter, Ngspice Name: d_inverter
.model u3 d_inverter(rise_delay=1.0e-9 fall_delay=1.0e-9 input_load=1.0e-12 ) 
* Schematic Name:                             d_inverter, Ngspice Name: d_inverter
.model u2 d_inverter(rise_delay=1.0e-9 fall_delay=1.0e-9 input_load=1.0e-12 ) 
* Schematic Name:                             d_inverter, Ngspice Name: d_inverter
.model u4 d_inverter(rise_delay=1.0e-9 fall_delay=1.0e-9 input_load=1.0e-12 ) 
* Schematic Name:                             d_inverter, Ngspice Name: d_inverter
.model u5 d_inverter(rise_delay=1.0e-9 fall_delay=1.0e-9 input_load=1.0e-12 ) 
* Schematic Name:                             d_inverter, Ngspice Name: d_inverter
.model u50 d_inverter(rise_delay=1.0e-9 fall_delay=1.0e-9 input_load=1.0e-12 ) 
* Schematic Name:                             d_inverter, Ngspice Name: d_inverter
.model u28 d_inverter(rise_delay=1.0e-9 fall_delay=1.0e-9 input_load=1.0e-12 ) 
* Schematic Name:                             d_nand, Ngspice Name: d_nand
.model u36 d_nand(rise_delay=1.0e-9 fall_delay=1.0e-9 input_load=1.0e-12 ) 
* Schematic Name:                             d_inverter, Ngspice Name: d_inverter
.model u37 d_inverter(rise_delay=1.0e-9 fall_delay=1.0e-9 input_load=1.0e-12 ) 
* Schematic Name:                             d_inverter, Ngspice Name: d_inverter
.model u48 d_inverter(rise_delay=1.0e-9 fall_delay=1.0e-9 input_load=1.0e-12 ) 
* Schematic Name:                             d_inverter, Ngspice Name: d_inverter
.model u46 d_inverter(rise_delay=1.0e-9 fall_delay=1.0e-9 input_load=1.0e-12 ) 
* Schematic Name:                             d_inverter, Ngspice Name: d_inverter
.model u47 d_inverter(rise_delay=1.0e-9 fall_delay=1.0e-9 input_load=1.0e-12 ) 
* Schematic Name:                             d_nand, Ngspice Name: d_nand
.model u41 d_nand(rise_delay=1.0e-9 fall_delay=1.0e-9 input_load=1.0e-12 ) 
* Schematic Name:                             d_inverter, Ngspice Name: d_inverter
.model u57 d_inverter(rise_delay=1.0e-9 fall_delay=1.0e-9 input_load=1.0e-12 ) 
* Schematic Name:                             d_inverter, Ngspice Name: d_inverter
.model u58 d_inverter(rise_delay=1.0e-9 fall_delay=1.0e-9 input_load=1.0e-12 ) 
* Schematic Name:                             d_inverter, Ngspice Name: d_inverter
.model u60 d_inverter(rise_delay=1.0e-9 fall_delay=1.0e-9 input_load=1.0e-12 ) 
* Schematic Name:                             d_inverter, Ngspice Name: d_inverter
.model u59 d_inverter(rise_delay=1.0e-9 fall_delay=1.0e-9 input_load=1.0e-12 ) 
* Schematic Name:                             d_inverter, Ngspice Name: d_inverter
.model u20 d_inverter(rise_delay=1.0e-9 fall_delay=1.0e-9 input_load=1.0e-12 ) 
* Schematic Name:                             d_inverter, Ngspice Name: d_inverter
.model u19 d_inverter(rise_delay=1.0e-9 fall_delay=1.0e-9 input_load=1.0e-12 ) 
* Schematic Name:                             d_inverter, Ngspice Name: d_inverter
.model u22 d_inverter(rise_delay=1.0e-9 fall_delay=1.0e-9 input_load=1.0e-12 ) 
* Schematic Name:                             d_inverter, Ngspice Name: d_inverter
.model u21 d_inverter(rise_delay=1.0e-9 fall_delay=1.0e-9 input_load=1.0e-12 ) 
* Schematic Name:                             d_inverter, Ngspice Name: d_inverter
.model u27 d_inverter(rise_delay=1.0e-9 fall_delay=1.0e-9 input_load=1.0e-12 ) 
* Schematic Name:                             d_inverter, Ngspice Name: d_inverter
.model u33 d_inverter(rise_delay=1.0e-9 fall_delay=1.0e-9 input_load=1.0e-12 ) 
* Schematic Name:                             d_nand, Ngspice Name: d_nand
.model u40 d_nand(rise_delay=1.0e-9 fall_delay=1.0e-9 input_load=1.0e-12 ) 
* Schematic Name:                             d_nand, Ngspice Name: d_nand
.model u35 d_nand(rise_delay=1.0e-9 fall_delay=1.0e-9 input_load=1.0e-12 ) 
* Schematic Name:                             d_nand, Ngspice Name: d_nand
.model u38 d_nand(rise_delay=1.0e-9 fall_delay=1.0e-9 input_load=1.0e-12 ) 
* Schematic Name:                             d_nand, Ngspice Name: d_nand
.model u39 d_nand(rise_delay=1.0e-9 fall_delay=1.0e-9 input_load=1.0e-12 ) 
* Schematic Name:                             d_inverter, Ngspice Name: d_inverter
.model u29 d_inverter(rise_delay=1.0e-9 fall_delay=1.0e-9 input_load=1.0e-12 ) 
* Schematic Name:                             d_nand, Ngspice Name: d_nand
.model u49 d_nand(rise_delay=1.0e-9 fall_delay=1.0e-9 input_load=1.0e-12 ) 
* Schematic Name:                             d_inverter, Ngspice Name: d_inverter
.model u34 d_inverter(rise_delay=1.0e-9 fall_delay=1.0e-9 input_load=1.0e-12 ) 
* Schematic Name:                             d_nand, Ngspice Name: d_nand
.model u42 d_nand(rise_delay=1.0e-9 fall_delay=1.0e-9 input_load=1.0e-12 ) 
* Schematic Name:                             d_inverter, Ngspice Name: d_inverter
.model u55 d_inverter(rise_delay=1.0e-9 fall_delay=1.0e-9 input_load=1.0e-12 ) 
* Schematic Name:                             d_inverter, Ngspice Name: d_inverter
.model u54 d_inverter(rise_delay=1.0e-9 fall_delay=1.0e-9 input_load=1.0e-12 ) 
* Schematic Name:                             d_inverter, Ngspice Name: d_inverter
.model u56 d_inverter(rise_delay=1.0e-9 fall_delay=1.0e-9 input_load=1.0e-12 ) 
* Schematic Name:                             d_inverter, Ngspice Name: d_inverter
.model u51 d_inverter(rise_delay=1.0e-9 fall_delay=1.0e-9 input_load=1.0e-12 ) 
* Schematic Name:                             d_inverter, Ngspice Name: d_inverter
.model u30 d_inverter(rise_delay=1.0e-9 fall_delay=1.0e-9 input_load=1.0e-12 ) 
* Schematic Name:                             d_inverter, Ngspice Name: d_inverter
.model u26 d_inverter(rise_delay=1.0e-9 fall_delay=1.0e-9 input_load=1.0e-12 ) 
* Schematic Name:                             d_inverter, Ngspice Name: d_inverter
.model u25 d_inverter(rise_delay=1.0e-9 fall_delay=1.0e-9 input_load=1.0e-12 ) 
* Schematic Name:                             d_inverter, Ngspice Name: d_inverter
.model u23 d_inverter(rise_delay=1.0e-9 fall_delay=1.0e-9 input_load=1.0e-12 ) 
* Schematic Name:                             d_inverter, Ngspice Name: d_inverter
.model u24 d_inverter(rise_delay=1.0e-9 fall_delay=1.0e-9 input_load=1.0e-12 ) 
* Schematic Name:                             d_inverter, Ngspice Name: d_inverter
.model u45 d_inverter(rise_delay=1.0e-9 fall_delay=1.0e-9 input_load=1.0e-12 ) 
* Schematic Name:                             d_nand, Ngspice Name: d_nand
.model u32 d_nand(rise_delay=1.0e-9 fall_delay=1.0e-9 input_load=1.0e-12 ) 
* Schematic Name:                             d_inverter, Ngspice Name: d_inverter
.model u44 d_inverter(rise_delay=1.0e-9 fall_delay=1.0e-9 input_load=1.0e-12 ) 
* Schematic Name:                             d_inverter, Ngspice Name: d_inverter
.model u31 d_inverter(rise_delay=1.0e-9 fall_delay=1.0e-9 input_load=1.0e-12 ) 
* Schematic Name:                             d_inverter, Ngspice Name: d_inverter
.model u43 d_inverter(rise_delay=1.0e-9 fall_delay=1.0e-9 input_load=1.0e-12 ) 
* Schematic Name:                             d_inverter, Ngspice Name: d_inverter
.model u52 d_inverter(rise_delay=1.0e-9 fall_delay=1.0e-9 input_load=1.0e-12 ) 
* Schematic Name:                             d_inverter, Ngspice Name: d_inverter
.model u53 d_inverter(rise_delay=1.0e-9 fall_delay=1.0e-9 input_load=1.0e-12 ) 
* Schematic Name:                             d_nand, Ngspice Name: d_nand
.model u63 d_nand(rise_delay=1.0e-9 fall_delay=1.0e-9 input_load=1.0e-12 ) 
* Schematic Name:                             d_nand, Ngspice Name: d_nand
.model u62 d_nand(rise_delay=1.0e-9 fall_delay=1.0e-9 input_load=1.0e-12 ) 
* Schematic Name:                             d_inverter, Ngspice Name: d_inverter
.model u77 d_inverter(rise_delay=1.0e-9 fall_delay=1.0e-9 input_load=1.0e-12 ) 
* Schematic Name:                             d_nand, Ngspice Name: d_nand
.model u66 d_nand(rise_delay=1.0e-9 fall_delay=1.0e-9 input_load=1.0e-12 ) 
* Schematic Name:                             d_nand, Ngspice Name: d_nand
.model u64 d_nand(rise_delay=1.0e-9 fall_delay=1.0e-9 input_load=1.0e-12 ) 
* Schematic Name:                             d_nand, Ngspice Name: d_nand
.model u71 d_nand(rise_delay=1.0e-9 fall_delay=1.0e-9 input_load=1.0e-12 ) 
* Schematic Name:                             d_nand, Ngspice Name: d_nand
.model u72 d_nand(rise_delay=1.0e-9 fall_delay=1.0e-9 input_load=1.0e-12 ) 
* Schematic Name:                             d_inverter, Ngspice Name: d_inverter
.model u76 d_inverter(rise_delay=1.0e-9 fall_delay=1.0e-9 input_load=1.0e-12 ) 
* Schematic Name:                             d_inverter, Ngspice Name: d_inverter
.model u70 d_inverter(rise_delay=1.0e-9 fall_delay=1.0e-9 input_load=1.0e-12 ) 
* Schematic Name:                             d_inverter, Ngspice Name: d_inverter
.model u61 d_inverter(rise_delay=1.0e-9 fall_delay=1.0e-9 input_load=1.0e-12 ) 
* Schematic Name:                             d_nand, Ngspice Name: d_nand
.model u74 d_nand(rise_delay=1.0e-9 fall_delay=1.0e-9 input_load=1.0e-12 ) 
* Schematic Name:                             d_nand, Ngspice Name: d_nand
.model u73 d_nand(rise_delay=1.0e-9 fall_delay=1.0e-9 input_load=1.0e-12 ) 
* Schematic Name:                             d_inverter, Ngspice Name: d_inverter
.model u75 d_inverter(rise_delay=1.0e-9 fall_delay=1.0e-9 input_load=1.0e-12 ) 
* Schematic Name:                             d_inverter, Ngspice Name: d_inverter
.model u79 d_inverter(rise_delay=1.0e-9 fall_delay=1.0e-9 input_load=1.0e-12 ) 
* Schematic Name:                             d_inverter, Ngspice Name: d_inverter
.model u78 d_inverter(rise_delay=1.0e-9 fall_delay=1.0e-9 input_load=1.0e-12 ) 
* Schematic Name:                             d_nand, Ngspice Name: d_nand
.model u68 d_nand(rise_delay=1.0e-9 fall_delay=1.0e-9 input_load=1.0e-12 ) 
* Schematic Name:                             d_nand, Ngspice Name: d_nand
.model u65 d_nand(rise_delay=1.0e-9 fall_delay=1.0e-9 input_load=1.0e-12 ) 
* Schematic Name:                             d_nand, Ngspice Name: d_nand
.model u67 d_nand(rise_delay=1.0e-9 fall_delay=1.0e-9 input_load=1.0e-12 ) 
* Schematic Name:                             d_nand, Ngspice Name: d_nand
.model u69 d_nand(rise_delay=1.0e-9 fall_delay=1.0e-9 input_load=1.0e-12 ) 
.tran 0e-00 0e-00 0e-00

* Control Statements 
.control
run
print allv > plot_data_v.txt
print alli > plot_data_i.txt
.endc
.end
