.title kicad schematic

* u5 net-_u4-pad3_ net-_u5-pad2_ d_inverter
xsc1 net-_u4-pad3_ net-_sc1-pad2_ net-_u3-pad2_ net-_u6-pad2_ sky130_stdcells__nand3_1 
* u3 net-_u1-pad1_ net-_u3-pad2_ d_buffer
* u4 net-_u1-pad2_ net-_u2-pad2_ net-_u4-pad3_ d_or
* u14 net-_u2-pad1_ net-_u11-pad6_ net-_sc3-pad2_ net-_sc1-pad2_ net-_u7-pad6_ net-_u9-pad3_ net-_u7-pad3_ net-_u9-pad6_ net-_sc2-pad2_ net-_sc4-pad2_ net-_u13-pad6_ net-_u1-pad1_ port
* u2 net-_u2-pad1_ net-_u2-pad2_ d_inverter
* u1 net-_u1-pad1_ net-_u1-pad2_ d_inverter
* u8 net-_u4-pad3_ net-_u8-pad2_ net-_u8-pad3_ d_nand
xsc2 net-_u4-pad3_ net-_sc2-pad2_ net-_u3-pad2_ net-_u8-pad2_ sky130_stdcells__nand3_1 
xsc3 net-_u4-pad3_ net-_sc3-pad2_ net-_u3-pad2_ net-_u10-pad2_ sky130_stdcells__nand3_1 
* u9 net-_u5-pad2_ net-_u5-pad2_ net-_u9-pad3_ net-_u8-pad2_ net-_u8-pad3_ net-_u9-pad6_ unconnected-_u9-pad7_ d_jkff
* u11 net-_u5-pad2_ net-_u5-pad2_ net-_u9-pad6_ net-_u10-pad2_ net-_u10-pad3_ net-_u11-pad6_ unconnected-_u11-pad7_ d_jkff
* u10 net-_u4-pad3_ net-_u10-pad2_ net-_u10-pad3_ d_nand
* u12 net-_u4-pad3_ net-_u12-pad2_ net-_u12-pad3_ d_nand
xsc4 net-_u4-pad3_ net-_sc4-pad2_ net-_u3-pad2_ net-_u12-pad2_ sky130_stdcells__nand3_1 
* u13 net-_u5-pad2_ net-_u5-pad2_ net-_u11-pad6_ net-_u12-pad2_ net-_u12-pad3_ net-_u13-pad6_ unconnected-_u13-pad7_ d_jkff
* u6 net-_u4-pad3_ net-_u6-pad2_ net-_u6-pad3_ d_nand
* u7 net-_u5-pad2_ net-_u5-pad2_ net-_u7-pad3_ net-_u6-pad2_ net-_u6-pad3_ net-_u7-pad6_ unconnected-_u7-pad7_ d_jkff
a1 net-_u4-pad3_ net-_u5-pad2_ u5
a2 net-_u1-pad1_ net-_u3-pad2_ u3
a3 [net-_u1-pad2_ net-_u2-pad2_ ] net-_u4-pad3_ u4
a4 net-_u2-pad1_ net-_u2-pad2_ u2
a5 net-_u1-pad1_ net-_u1-pad2_ u1
a6 [net-_u4-pad3_ net-_u8-pad2_ ] net-_u8-pad3_ u8
a7 net-_u5-pad2_ net-_u5-pad2_ net-_u9-pad3_ net-_u8-pad2_ net-_u8-pad3_ net-_u9-pad6_ unconnected-_u9-pad7_ u9
a8 net-_u5-pad2_ net-_u5-pad2_ net-_u9-pad6_ net-_u10-pad2_ net-_u10-pad3_ net-_u11-pad6_ unconnected-_u11-pad7_ u11
a9 [net-_u4-pad3_ net-_u10-pad2_ ] net-_u10-pad3_ u10
a10 [net-_u4-pad3_ net-_u12-pad2_ ] net-_u12-pad3_ u12
a11 net-_u5-pad2_ net-_u5-pad2_ net-_u11-pad6_ net-_u12-pad2_ net-_u12-pad3_ net-_u13-pad6_ unconnected-_u13-pad7_ u13
a12 [net-_u4-pad3_ net-_u6-pad2_ ] net-_u6-pad3_ u6
a13 net-_u5-pad2_ net-_u5-pad2_ net-_u7-pad3_ net-_u6-pad2_ net-_u6-pad3_ net-_u7-pad6_ unconnected-_u7-pad7_ u7
* Schematic Name:                             d_inverter, Ngspice Name: d_inverter
.model u5 d_inverter(rise_delay=1.0e-9 fall_delay=1.0e-9 input_load=1.0e-12 ) 
* Schematic Name:                             d_buffer, Ngspice Name: d_buffer
.model u3 d_buffer(rise_delay=1.0e-9 fall_delay=1.0e-9 input_load=1.0e-12 ) 
* Schematic Name:                             d_or, Ngspice Name: d_or
.model u4 d_or(rise_delay=1.0e-9 fall_delay=1.0e-9 input_load=1.0e-12 ) 
* Schematic Name:                             d_inverter, Ngspice Name: d_inverter
.model u2 d_inverter(rise_delay=1.0e-9 fall_delay=1.0e-9 input_load=1.0e-12 ) 
* Schematic Name:                             d_inverter, Ngspice Name: d_inverter
.model u1 d_inverter(rise_delay=1.0e-9 fall_delay=1.0e-9 input_load=1.0e-12 ) 
* Schematic Name:                             d_nand, Ngspice Name: d_nand
.model u8 d_nand(rise_delay=1.0e-9 fall_delay=1.0e-9 input_load=1.0e-12 ) 
* Schematic Name:                             d_jkff, Ngspice Name: d_jkff
.model u9 d_jkff(clk_delay=1.0e-9 set_delay=1.0e-9 reset_delay=1.0 ic=0 jk_load=1.0e-12 clk_load=1.0e-12 set_load=1.0e-12 reset_load=1.0e-12 rise_delay=1.0e-9 fall_delay=1.0e-9 ) 
* Schematic Name:                             d_jkff, Ngspice Name: d_jkff
.model u11 d_jkff(clk_delay=1.0e-9 set_delay=1.0e-9 reset_delay=1.0 ic=0 jk_load=1.0e-12 clk_load=1.0e-12 set_load=1.0e-12 reset_load=1.0e-12 rise_delay=1.0e-9 fall_delay=1.0e-9 ) 
* Schematic Name:                             d_nand, Ngspice Name: d_nand
.model u10 d_nand(rise_delay=1.0e-9 fall_delay=1.0e-9 input_load=1.0e-12 ) 
* Schematic Name:                             d_nand, Ngspice Name: d_nand
.model u12 d_nand(rise_delay=1.0e-9 fall_delay=1.0e-9 input_load=1.0e-12 ) 
* Schematic Name:                             d_jkff, Ngspice Name: d_jkff
.model u13 d_jkff(clk_delay=1.0e-9 set_delay=1.0e-9 reset_delay=1.0 ic=0 jk_load=1.0e-12 clk_load=1.0e-12 set_load=1.0e-12 reset_load=1.0e-12 rise_delay=1.0e-9 fall_delay=1.0e-9 ) 
* Schematic Name:                             d_nand, Ngspice Name: d_nand
.model u6 d_nand(rise_delay=1.0e-9 fall_delay=1.0e-9 input_load=1.0e-12 ) 
* Schematic Name:                             d_jkff, Ngspice Name: d_jkff
.model u7 d_jkff(clk_delay=1.0e-9 set_delay=1.0e-9 reset_delay=1.0 ic=0 jk_load=1.0e-12 clk_load=1.0e-12 set_load=1.0e-12 reset_load=1.0e-12 rise_delay=1.0e-9 fall_delay=1.0e-9 ) 
.tran 0e-00 0e-00 0e-00

* Control Statements 
.control
run
print allv > plot_data_v.txt
print alli > plot_data_i.txt
.endc
.end
