
==========================================================================
global place report_tns
--------------------------------------------------------------------------
tns max 0.00

==========================================================================
global place report_wns
--------------------------------------------------------------------------
wns max 0.00

==========================================================================
global place report_worst_slack
--------------------------------------------------------------------------
worst slack max INF

==========================================================================
global place report_clock_min_period
--------------------------------------------------------------------------
clk period_min = 0.00 fmax = inf

==========================================================================
global place report_checks -path_delay min
--------------------------------------------------------------------------
No paths found.

==========================================================================
global place report_checks -path_delay max
--------------------------------------------------------------------------
No paths found.

==========================================================================
global place report_checks -unconstrained
--------------------------------------------------------------------------
Startpoint: in1 (input port)
Endpoint: sum (output port)
Path Group: unconstrained
Path Type: max

Fanout     Cap    Slew   Delay    Time   Description
-----------------------------------------------------------------------------
                          0.10    0.10 v input external delay
     1    0.01    0.00    0.00    0.10 v in1 (in)
                                         in1 (net)
                  0.00    0.00    0.10 v input2/A (sky130_fd_sc_hd__clkdlybuf4s50_1)
     1    0.01    0.08    0.43    0.53 v input2/X (sky130_fd_sc_hd__clkdlybuf4s50_1)
                                         net2 (net)
                  0.08    0.00    0.53 v _0_/A (sky130_fd_sc_hd__fa_1)
     1    0.00    0.05    0.53    1.06 ^ _0_/SUM (sky130_fd_sc_hd__fa_1)
                                         net5 (net)
                  0.05    0.00    1.06 ^ output5/A (sky130_fd_sc_hd__clkdlybuf4s50_1)
     1    0.03    0.28    0.64    1.71 ^ output5/X (sky130_fd_sc_hd__clkdlybuf4s50_1)
                                         sum (net)
                  0.28    0.00    1.71 ^ sum (out)
                                  1.71   data arrival time
-----------------------------------------------------------------------------
(Path is unconstrained)



==========================================================================
global place report_power
--------------------------------------------------------------------------
Group                  Internal  Switching    Leakage      Total
                          Power      Power      Power      Power (Watts)
----------------------------------------------------------------
Sequential             0.00e+00   0.00e+00   0.00e+00   0.00e+00   0.0%
Combinational          2.81e-06   1.99e-06   2.69e-11   4.80e-06 100.0%
Clock                  0.00e+00   0.00e+00   0.00e+00   0.00e+00   0.0%
Macro                  0.00e+00   0.00e+00   0.00e+00   0.00e+00   0.0%
Pad                    0.00e+00   0.00e+00   0.00e+00   0.00e+00   0.0%
----------------------------------------------------------------
Total                  2.81e-06   1.99e-06   2.69e-11   4.80e-06 100.0%
                          58.5%      41.5%       0.0%
