.title kicad schematic

* u17 net-_u1-pad1_ net-_u2-pad1_ net-_u4-pad2_ net-_u8-pad2_ net-_u5-pad1_ net-_u6-pad1_ net-_u9-pad1_ net-_u10-pad1_ net-_u12-pad2_ net-_u16-pad2_ net-_u13-pad1_ net-_u14-pad1_ port
* u10 net-_u10-pad1_ net-_u10-pad2_ d_inverter
* u13 net-_u13-pad1_ net-_u13-pad2_ d_inverter
* u12 net-_u11-pad3_ net-_u12-pad2_ d_inverter
* u16 net-_u15-pad3_ net-_u16-pad2_ d_inverter
* u14 net-_u14-pad1_ net-_u14-pad2_ d_inverter
* u11 net-_u9-pad2_ net-_u10-pad2_ net-_u11-pad3_ d_xnor
* u15 net-_u13-pad2_ net-_u14-pad2_ net-_u15-pad3_ d_xnor
* u6 net-_u6-pad1_ net-_u6-pad2_ d_inverter
* u9 net-_u9-pad1_ net-_u9-pad2_ d_inverter
* u7 net-_u5-pad2_ net-_u6-pad2_ net-_u7-pad3_ d_xnor
* u3 net-_u1-pad2_ net-_u2-pad2_ net-_u3-pad3_ d_xnor
* u4 net-_u3-pad3_ net-_u4-pad2_ d_inverter
* u8 net-_u7-pad3_ net-_u8-pad2_ d_inverter
* u5 net-_u5-pad1_ net-_u5-pad2_ d_inverter
* u2 net-_u2-pad1_ net-_u2-pad2_ d_inverter
* u1 net-_u1-pad1_ net-_u1-pad2_ d_inverter
a1 net-_u10-pad1_ net-_u10-pad2_ u10
a2 net-_u13-pad1_ net-_u13-pad2_ u13
a3 net-_u11-pad3_ net-_u12-pad2_ u12
a4 net-_u15-pad3_ net-_u16-pad2_ u16
a5 net-_u14-pad1_ net-_u14-pad2_ u14
a6 [net-_u9-pad2_ net-_u10-pad2_ ] net-_u11-pad3_ u11
a7 [net-_u13-pad2_ net-_u14-pad2_ ] net-_u15-pad3_ u15
a8 net-_u6-pad1_ net-_u6-pad2_ u6
a9 net-_u9-pad1_ net-_u9-pad2_ u9
a10 [net-_u5-pad2_ net-_u6-pad2_ ] net-_u7-pad3_ u7
a11 [net-_u1-pad2_ net-_u2-pad2_ ] net-_u3-pad3_ u3
a12 net-_u3-pad3_ net-_u4-pad2_ u4
a13 net-_u7-pad3_ net-_u8-pad2_ u8
a14 net-_u5-pad1_ net-_u5-pad2_ u5
a15 net-_u2-pad1_ net-_u2-pad2_ u2
a16 net-_u1-pad1_ net-_u1-pad2_ u1
* Schematic Name:                             d_inverter, Ngspice Name: d_inverter
.model u10 d_inverter(rise_delay=1.0e-9 fall_delay=1.0e-9 input_load=1.0e-12 ) 
* Schematic Name:                             d_inverter, Ngspice Name: d_inverter
.model u13 d_inverter(rise_delay=1.0e-9 fall_delay=1.0e-9 input_load=1.0e-12 ) 
* Schematic Name:                             d_inverter, Ngspice Name: d_inverter
.model u12 d_inverter(rise_delay=1.0e-9 fall_delay=1.0e-9 input_load=1.0e-12 ) 
* Schematic Name:                             d_inverter, Ngspice Name: d_inverter
.model u16 d_inverter(rise_delay=1.0e-9 fall_delay=1.0e-9 input_load=1.0e-12 ) 
* Schematic Name:                             d_inverter, Ngspice Name: d_inverter
.model u14 d_inverter(rise_delay=1.0e-9 fall_delay=1.0e-9 input_load=1.0e-12 ) 
* Schematic Name:                             d_xnor, Ngspice Name: d_xnor
.model u11 d_xnor(rise_delay=1.0e-9 fall_delay=1.0e-9 input_load=1.0e-12 ) 
* Schematic Name:                             d_xnor, Ngspice Name: d_xnor
.model u15 d_xnor(rise_delay=1.0e-9 fall_delay=1.0e-9 input_load=1.0e-12 ) 
* Schematic Name:                             d_inverter, Ngspice Name: d_inverter
.model u6 d_inverter(rise_delay=1.0e-9 fall_delay=1.0e-9 input_load=1.0e-12 ) 
* Schematic Name:                             d_inverter, Ngspice Name: d_inverter
.model u9 d_inverter(rise_delay=1.0e-9 fall_delay=1.0e-9 input_load=1.0e-12 ) 
* Schematic Name:                             d_xnor, Ngspice Name: d_xnor
.model u7 d_xnor(rise_delay=1.0e-9 fall_delay=1.0e-9 input_load=1.0e-12 ) 
* Schematic Name:                             d_xnor, Ngspice Name: d_xnor
.model u3 d_xnor(rise_delay=1.0e-9 fall_delay=1.0e-9 input_load=1.0e-12 ) 
* Schematic Name:                             d_inverter, Ngspice Name: d_inverter
.model u4 d_inverter(rise_delay=1.0e-9 fall_delay=1.0e-9 input_load=1.0e-12 ) 
* Schematic Name:                             d_inverter, Ngspice Name: d_inverter
.model u8 d_inverter(rise_delay=1.0e-9 fall_delay=1.0e-9 input_load=1.0e-12 ) 
* Schematic Name:                             d_inverter, Ngspice Name: d_inverter
.model u5 d_inverter(rise_delay=1.0e-9 fall_delay=1.0e-9 input_load=1.0e-12 ) 
* Schematic Name:                             d_inverter, Ngspice Name: d_inverter
.model u2 d_inverter(rise_delay=1.0e-9 fall_delay=1.0e-9 input_load=1.0e-12 ) 
* Schematic Name:                             d_inverter, Ngspice Name: d_inverter
.model u1 d_inverter(rise_delay=1.0e-9 fall_delay=1.0e-9 input_load=1.0e-12 ) 
.tran 0e-00 0e-00 0e-00

* Control Statements 
.control
run
print allv > plot_data_v.txt
print alli > plot_data_i.txt
.endc
.end
