.title kicad schematic

.include 4_and.sub
.include 4_OR.sub
.include 5_and.sub
.include 3_and.sub
* u21 net-_sc1-pad3_ net-_sc5-pad5_ net-_u21-pad3_ d_xor
* u25 net-_u23-pad3_ net-_u25-pad2_ net-_u25-pad3_ net-_u24-pad3_ net-_u25-pad5_ net-_u25-pad6_ net-_u25-pad7_ net-_u20-pad3_ net-_u21-pad3_ net-_u1-pad1_ net-_u1-pad2_ net-_u22-pad3_ net-_u25-pad13_ net-_u25-pad14_ port
x7 net-_u10-pad2_ net-_u11-pad3_ net-_x1-pad4_ net-_x2-pad5_ net-_u20-pad1_ 4_OR
* u20 net-_u20-pad1_ net-_u20-pad2_ net-_u20-pad3_ d_nor
* u2 net-_u1-pad1_ net-_u1-pad2_ net-_sc1-pad1_ d_nor
* u1 net-_u1-pad1_ net-_u1-pad2_ net-_sc1-pad2_ d_nand
x2 net-_sc4-pad1_ net-_sc1-pad2_ net-_sc2-pad2_ net-_sc3-pad2_ net-_x2-pad5_ 4_and
* u10 net-_sc1-pad1_ net-_u10-pad2_ d_buffer
* u11 net-_sc2-pad1_ net-_sc1-pad2_ net-_u11-pad3_ d_nand
x1 net-_sc3-pad1_ net-_sc1-pad2_ net-_sc2-pad2_ net-_x1-pad4_ 3_and
x3 net-_sc1-pad2_ net-_sc2-pad2_ net-_sc3-pad2_ net-_sc4-pad2_ net-_u17-pad2_ net-_u20-pad2_ 5_and
xsc5 net-_sc5-pad1_ net-_sc5-pad2_ net-_sc5-pad3_ net-_sc5-pad4_ net-_sc5-pad5_ sky130_stdcells__nor4_1 
* u12 net-_sc2-pad1_ net-_sc5-pad1_ d_buffer
x4 net-_sc4-pad1_ net-_sc2-pad2_ net-_sc3-pad2_ net-_sc5-pad3_ 3_and
x5 net-_sc2-pad2_ net-_sc3-pad2_ net-_sc4-pad2_ net-_u17-pad2_ net-_sc5-pad4_ 4_and
xsc1 net-_sc1-pad1_ net-_sc1-pad2_ net-_sc1-pad3_ sky130_stdcells__and2b_1 
* u13 net-_sc3-pad1_ net-_sc2-pad2_ net-_sc5-pad2_ d_nand
xsc2 net-_sc2-pad1_ net-_sc2-pad2_ net-_sc2-pad3_ sky130_stdcells__and2b_1 
* u16 net-_sc4-pad1_ net-_u16-pad2_ d_buffer
* u17 net-_sc4-pad2_ net-_u17-pad2_ net-_u17-pad3_ d_nand
xsc3 net-_sc3-pad1_ net-_sc3-pad2_ net-_sc3-pad3_ sky130_stdcells__and2b_1 
xsc4 net-_sc4-pad1_ net-_sc4-pad2_ net-_sc4-pad3_ sky130_stdcells__and2b_1 
* u18 net-_u17-pad2_ net-_u18-pad2_ d_inverter
* u14 net-_sc3-pad1_ net-_sc6-pad1_ d_buffer
* u15 net-_sc4-pad1_ net-_sc3-pad2_ net-_sc6-pad2_ d_nand
x6 net-_sc3-pad2_ net-_sc4-pad2_ net-_u17-pad2_ net-_sc6-pad3_ 3_and
* u4 net-_u25-pad14_ net-_u25-pad13_ net-_sc2-pad1_ d_nor
* u3 net-_u25-pad14_ net-_u25-pad13_ net-_sc2-pad2_ d_nand
* u5 net-_u25-pad2_ net-_u25-pad3_ net-_sc3-pad2_ d_nand
* u7 net-_u25-pad6_ net-_u25-pad5_ net-_sc4-pad2_ d_nand
* u9 net-_u25-pad7_ net-_u17-pad2_ d_inverter
* u8 net-_u25-pad6_ net-_u25-pad5_ net-_sc4-pad1_ d_nor
* u6 net-_u25-pad2_ net-_u25-pad3_ net-_sc3-pad1_ d_nor
* u19 net-_u16-pad2_ net-_u17-pad3_ net-_u19-pad3_ d_nor
xsc6 net-_sc6-pad1_ net-_sc6-pad2_ net-_sc6-pad3_ net-_sc6-pad4_ sky130_stdcells__nor3_1 
* u24 net-_sc4-pad3_ net-_u18-pad2_ net-_u24-pad3_ d_xor
* u23 net-_sc3-pad3_ net-_u19-pad3_ net-_u23-pad3_ d_xor
* u22 net-_sc2-pad3_ net-_sc6-pad4_ net-_u22-pad3_ d_xor
a1 [net-_sc1-pad3_ net-_sc5-pad5_ ] net-_u21-pad3_ u21
a2 [net-_u20-pad1_ net-_u20-pad2_ ] net-_u20-pad3_ u20
a3 [net-_u1-pad1_ net-_u1-pad2_ ] net-_sc1-pad1_ u2
a4 [net-_u1-pad1_ net-_u1-pad2_ ] net-_sc1-pad2_ u1
a5 net-_sc1-pad1_ net-_u10-pad2_ u10
a6 [net-_sc2-pad1_ net-_sc1-pad2_ ] net-_u11-pad3_ u11
a7 net-_sc2-pad1_ net-_sc5-pad1_ u12
a8 [net-_sc3-pad1_ net-_sc2-pad2_ ] net-_sc5-pad2_ u13
a9 net-_sc4-pad1_ net-_u16-pad2_ u16
a10 [net-_sc4-pad2_ net-_u17-pad2_ ] net-_u17-pad3_ u17
a11 net-_u17-pad2_ net-_u18-pad2_ u18
a12 net-_sc3-pad1_ net-_sc6-pad1_ u14
a13 [net-_sc4-pad1_ net-_sc3-pad2_ ] net-_sc6-pad2_ u15
a14 [net-_u25-pad14_ net-_u25-pad13_ ] net-_sc2-pad1_ u4
a15 [net-_u25-pad14_ net-_u25-pad13_ ] net-_sc2-pad2_ u3
a16 [net-_u25-pad2_ net-_u25-pad3_ ] net-_sc3-pad2_ u5
a17 [net-_u25-pad6_ net-_u25-pad5_ ] net-_sc4-pad2_ u7
a18 net-_u25-pad7_ net-_u17-pad2_ u9
a19 [net-_u25-pad6_ net-_u25-pad5_ ] net-_sc4-pad1_ u8
a20 [net-_u25-pad2_ net-_u25-pad3_ ] net-_sc3-pad1_ u6
a21 [net-_u16-pad2_ net-_u17-pad3_ ] net-_u19-pad3_ u19
a22 [net-_sc4-pad3_ net-_u18-pad2_ ] net-_u24-pad3_ u24
a23 [net-_sc3-pad3_ net-_u19-pad3_ ] net-_u23-pad3_ u23
a24 [net-_sc2-pad3_ net-_sc6-pad4_ ] net-_u22-pad3_ u22
* Schematic Name:                             d_xor, Ngspice Name: d_xor
.model u21 d_xor(rise_delay=1.0e-9 fall_delay=1.0e-9 input_load=1.0e-12 ) 
* Schematic Name:                             d_nor, Ngspice Name: d_nor
.model u20 d_nor(rise_delay=1.0e-9 fall_delay=1.0e-9 input_load=1.0e-12 ) 
* Schematic Name:                             d_nor, Ngspice Name: d_nor
.model u2 d_nor(rise_delay=1.0e-9 fall_delay=1.0e-9 input_load=1.0e-12 ) 
* Schematic Name:                             d_nand, Ngspice Name: d_nand
.model u1 d_nand(rise_delay=1.0e-9 fall_delay=1.0e-9 input_load=1.0e-12 ) 
* Schematic Name:                             d_buffer, Ngspice Name: d_buffer
.model u10 d_buffer(rise_delay=1.0e-9 fall_delay=1.0e-9 input_load=1.0e-12 ) 
* Schematic Name:                             d_nand, Ngspice Name: d_nand
.model u11 d_nand(rise_delay=1.0e-9 fall_delay=1.0e-9 input_load=1.0e-12 ) 
* Schematic Name:                             d_buffer, Ngspice Name: d_buffer
.model u12 d_buffer(rise_delay=1.0e-9 fall_delay=1.0e-9 input_load=1.0e-12 ) 
* Schematic Name:                             d_nand, Ngspice Name: d_nand
.model u13 d_nand(rise_delay=1.0e-9 fall_delay=1.0e-9 input_load=1.0e-12 ) 
* Schematic Name:                             d_buffer, Ngspice Name: d_buffer
.model u16 d_buffer(rise_delay=1.0e-9 fall_delay=1.0e-9 input_load=1.0e-12 ) 
* Schematic Name:                             d_nand, Ngspice Name: d_nand
.model u17 d_nand(rise_delay=1.0e-9 fall_delay=1.0e-9 input_load=1.0e-12 ) 
* Schematic Name:                             d_inverter, Ngspice Name: d_inverter
.model u18 d_inverter(rise_delay=1.0e-9 fall_delay=1.0e-9 input_load=1.0e-12 ) 
* Schematic Name:                             d_buffer, Ngspice Name: d_buffer
.model u14 d_buffer(rise_delay=1.0e-9 fall_delay=1.0e-9 input_load=1.0e-12 ) 
* Schematic Name:                             d_nand, Ngspice Name: d_nand
.model u15 d_nand(rise_delay=1.0e-9 fall_delay=1.0e-9 input_load=1.0e-12 ) 
* Schematic Name:                             d_nor, Ngspice Name: d_nor
.model u4 d_nor(rise_delay=1.0e-9 fall_delay=1.0e-9 input_load=1.0e-12 ) 
* Schematic Name:                             d_nand, Ngspice Name: d_nand
.model u3 d_nand(rise_delay=1.0e-9 fall_delay=1.0e-9 input_load=1.0e-12 ) 
* Schematic Name:                             d_nand, Ngspice Name: d_nand
.model u5 d_nand(rise_delay=1.0e-9 fall_delay=1.0e-9 input_load=1.0e-12 ) 
* Schematic Name:                             d_nand, Ngspice Name: d_nand
.model u7 d_nand(rise_delay=1.0e-9 fall_delay=1.0e-9 input_load=1.0e-12 ) 
* Schematic Name:                             d_inverter, Ngspice Name: d_inverter
.model u9 d_inverter(rise_delay=1.0e-9 fall_delay=1.0e-9 input_load=1.0e-12 ) 
* Schematic Name:                             d_nor, Ngspice Name: d_nor
.model u8 d_nor(rise_delay=1.0e-9 fall_delay=1.0e-9 input_load=1.0e-12 ) 
* Schematic Name:                             d_nor, Ngspice Name: d_nor
.model u6 d_nor(rise_delay=1.0e-9 fall_delay=1.0e-9 input_load=1.0e-12 ) 
* Schematic Name:                             d_nor, Ngspice Name: d_nor
.model u19 d_nor(rise_delay=1.0e-9 fall_delay=1.0e-9 input_load=1.0e-12 ) 
* Schematic Name:                             d_xor, Ngspice Name: d_xor
.model u24 d_xor(rise_delay=1.0e-9 fall_delay=1.0e-9 input_load=1.0e-12 ) 
* Schematic Name:                             d_xor, Ngspice Name: d_xor
.model u23 d_xor(rise_delay=1.0e-9 fall_delay=1.0e-9 input_load=1.0e-12 ) 
* Schematic Name:                             d_xor, Ngspice Name: d_xor
.model u22 d_xor(rise_delay=1.0e-9 fall_delay=1.0e-9 input_load=1.0e-12 ) 
.tran 0e-00 0e-00 0e-00

* Control Statements 
.control
run
print allv > plot_data_v.txt
print alli > plot_data_i.txt
.endc
.end
