.title kicad schematic

xsc19 net-_u5-pad6_ net-_u7-pad6_ net-_u11-pad2_ sky130_stdcells__nand2_1 
xsc18 net-_u3-pad5_ net-_u9-pad6_ net-_u7-pad6_ net-_u5-pad6_ net-_sc1-pad1_ sky130_stdcells__nand4_1 
xsc4 net-_sc4-pad1_ net-_sc3-pad2_ net-_sc1-pad3_ net-_u12-pad3_ net-_sc4-pad5_ sky130_stdcells__nand4_1 
xsc3 net-_u12-pad3_ net-_sc3-pad2_ net-_u3-pad6_ net-_sc3-pad4_ sky130_stdcells__nand3_1 
xsc20 net-_u7-pad6_ net-_u5-pad6_ net-_u3-pad5_ net-_sc4-pad1_ sky130_stdcells__nand3_1 
* u11 net-_u9-pad6_ net-_u11-pad2_ net-_u11-pad3_ d_nor
* u12 net-_u10-pad2_ net-_u11-pad3_ net-_u12-pad3_ d_nor
* u21 net-_u4-pad1_ net-_u6-pad1_ net-_u13-pad1_ net-_u10-pad1_ net-_u1-pad1_ net-_u8-pad1_ net-_u2-pad1_ net-_u16-pad2_ net-_u17-pad2_ net-_u18-pad2_ net-_u19-pad2_ net-_u20-pad2_ net-_u14-pad2_ net-_u15-pad2_ port
* u7 net-_u6-pad2_ net-_u1-pad2_ unconnected-_u7-pad3_ unconnected-_u7-pad4_ net-_u7-pad5_ net-_u7-pad6_ d_dff
* u6 net-_u6-pad1_ net-_u6-pad2_ d_buffer
* u5 net-_u4-pad2_ net-_u1-pad2_ unconnected-_u5-pad3_ unconnected-_u5-pad4_ net-_u5-pad5_ net-_u5-pad6_ d_dff
* u4 net-_u4-pad1_ net-_u4-pad2_ d_buffer
xsc21 net-_u7-pad6_ net-_u5-pad5_ net-_u3-pad6_ net-_sc5-pad1_ sky130_stdcells__nand3_1 
xsc6 net-_sc6-pad1_ net-_sc6-pad2_ net-_u12-pad3_ net-_sc6-pad4_ sky130_stdcells__nand3_1 
xsc7 net-_sc3-pad2_ net-_sc6-pad1_ net-_u12-pad3_ net-_sc1-pad1_ net-_sc7-pad5_ sky130_stdcells__nand4_1 
xsc23 net-_u7-pad5_ net-_u3-pad5_ net-_u5-pad6_ net-_sc6-pad2_ sky130_stdcells__nand3_1 
xsc22 net-_u7-pad5_ net-_u5-pad6_ net-_u3-pad6_ net-_sc3-pad2_ sky130_stdcells__nand3_1 
xsc24 net-_u7-pad5_ net-_u5-pad5_ net-_u3-pad6_ net-_sc6-pad1_ sky130_stdcells__nand3_1 
* u8 net-_u8-pad1_ net-_u8-pad2_ d_buffer
* u9 net-_u8-pad2_ net-_u1-pad2_ unconnected-_u9-pad3_ unconnected-_u9-pad4_ unconnected-_u9-pad5_ net-_u9-pad6_ d_dff
* u10 net-_u10-pad1_ net-_u10-pad2_ d_inverter
xsc5 net-_sc5-pad1_ net-_u12-pad3_ net-_sc5-pad3_ sky130_stdcells__nand2_1 
xsc13 net-_sc6-pad4_ net-_u13-pad2_ net-_u19-pad1_ sky130_stdcells__nand2_1 
xsc11 net-_sc4-pad5_ net-_u13-pad2_ net-_u17-pad1_ sky130_stdcells__nand2_1 
* u15 net-_u15-pad1_ net-_u15-pad2_ d_buffer
* u16 net-_u16-pad1_ net-_u16-pad2_ d_buffer
xsc10 net-_sc3-pad4_ net-_u13-pad2_ net-_u16-pad1_ sky130_stdcells__nand2_1 
xsc12 net-_sc5-pad3_ net-_u13-pad2_ net-_u18-pad1_ sky130_stdcells__nand2_1 
* u18 net-_u18-pad1_ net-_u18-pad2_ d_buffer
* u17 net-_u17-pad1_ net-_u17-pad2_ d_buffer
xsc14 net-_sc7-pad5_ net-_u13-pad2_ net-_u20-pad1_ sky130_stdcells__nand2_1 
* u19 net-_u19-pad1_ net-_u19-pad2_ d_buffer
* u20 net-_u20-pad1_ net-_u20-pad2_ d_buffer
* u2 net-_u2-pad1_ net-_u2-pad2_ d_buffer
* u3 net-_u2-pad2_ net-_u1-pad2_ unconnected-_u3-pad3_ unconnected-_u3-pad4_ net-_u3-pad5_ net-_u3-pad6_ d_dff
* u1 net-_u1-pad1_ net-_u1-pad2_ d_inverter
xsc16 net-_u3-pad5_ net-_u5-pad5_ net-_u7-pad5_ net-_sc1-pad3_ sky130_stdcells__nand3_1 
xsc17 net-_u5-pad5_ net-_u7-pad6_ net-_sc2-pad4_ sky130_stdcells__nand2_1 
xsc15 net-_u3-pad6_ net-_u5-pad6_ net-_u7-pad6_ net-_u9-pad6_ net-_sc1-pad4_ sky130_stdcells__nand4_1 
xsc2 net-_sc1-pad1_ net-_u12-pad3_ net-_sc1-pad3_ net-_sc2-pad4_ net-_sc2-pad5_ sky130_stdcells__nand4_1 
xsc9 net-_sc2-pad5_ net-_u13-pad2_ net-_u15-pad1_ sky130_stdcells__nand2_1 
xsc1 net-_sc1-pad1_ net-_u12-pad3_ net-_sc1-pad3_ net-_sc1-pad4_ net-_sc1-pad5_ sky130_stdcells__nand4_1 
* u13 net-_u13-pad1_ net-_u13-pad2_ d_buffer
* u14 net-_u14-pad1_ net-_u14-pad2_ d_buffer
xsc8 net-_sc1-pad5_ net-_u13-pad2_ net-_u14-pad1_ sky130_stdcells__nand2_1 
a1 [net-_u9-pad6_ net-_u11-pad2_ ] net-_u11-pad3_ u11
a2 [net-_u10-pad2_ net-_u11-pad3_ ] net-_u12-pad3_ u12
a3 net-_u6-pad2_ net-_u1-pad2_ unconnected-_u7-pad3_ unconnected-_u7-pad4_ net-_u7-pad5_ net-_u7-pad6_ u7
a4 net-_u6-pad1_ net-_u6-pad2_ u6
a5 net-_u4-pad2_ net-_u1-pad2_ unconnected-_u5-pad3_ unconnected-_u5-pad4_ net-_u5-pad5_ net-_u5-pad6_ u5
a6 net-_u4-pad1_ net-_u4-pad2_ u4
a7 net-_u8-pad1_ net-_u8-pad2_ u8
a8 net-_u8-pad2_ net-_u1-pad2_ unconnected-_u9-pad3_ unconnected-_u9-pad4_ unconnected-_u9-pad5_ net-_u9-pad6_ u9
a9 net-_u10-pad1_ net-_u10-pad2_ u10
a10 net-_u15-pad1_ net-_u15-pad2_ u15
a11 net-_u16-pad1_ net-_u16-pad2_ u16
a12 net-_u18-pad1_ net-_u18-pad2_ u18
a13 net-_u17-pad1_ net-_u17-pad2_ u17
a14 net-_u19-pad1_ net-_u19-pad2_ u19
a15 net-_u20-pad1_ net-_u20-pad2_ u20
a16 net-_u2-pad1_ net-_u2-pad2_ u2
a17 net-_u2-pad2_ net-_u1-pad2_ unconnected-_u3-pad3_ unconnected-_u3-pad4_ net-_u3-pad5_ net-_u3-pad6_ u3
a18 net-_u1-pad1_ net-_u1-pad2_ u1
a19 net-_u13-pad1_ net-_u13-pad2_ u13
a20 net-_u14-pad1_ net-_u14-pad2_ u14
* Schematic Name:                             d_nor, Ngspice Name: d_nor
.model u11 d_nor(rise_delay=1.0e-9 fall_delay=1.0e-9 input_load=1.0e-12 ) 
* Schematic Name:                             d_nor, Ngspice Name: d_nor
.model u12 d_nor(rise_delay=1.0e-9 fall_delay=1.0e-9 input_load=1.0e-12 ) 
* Schematic Name:                             d_dff, Ngspice Name: d_dff
.model u7 d_dff(clk_delay=1.0e-9 set_delay=1.0e-9 reset_delay=1.0 ic=0 data_load=1.0e-12 clk_load=1.0e-12 set_load=1.0e-12 reset_load=1.0e-12 rise_delay=1.0e-9 fall_delay=1.0e-9 ) 
* Schematic Name:                             d_buffer, Ngspice Name: d_buffer
.model u6 d_buffer(rise_delay=1.0e-9 fall_delay=1.0e-9 input_load=1.0e-12 ) 
* Schematic Name:                             d_dff, Ngspice Name: d_dff
.model u5 d_dff(clk_delay=1.0e-9 set_delay=1.0e-9 reset_delay=1.0 ic=0 data_load=1.0e-12 clk_load=1.0e-12 set_load=1.0e-12 reset_load=1.0e-12 rise_delay=1.0e-9 fall_delay=1.0e-9 ) 
* Schematic Name:                             d_buffer, Ngspice Name: d_buffer
.model u4 d_buffer(rise_delay=1.0e-9 fall_delay=1.0e-9 input_load=1.0e-12 ) 
* Schematic Name:                             d_buffer, Ngspice Name: d_buffer
.model u8 d_buffer(rise_delay=1.0e-9 fall_delay=1.0e-9 input_load=1.0e-12 ) 
* Schematic Name:                             d_dff, Ngspice Name: d_dff
.model u9 d_dff(clk_delay=1.0e-9 set_delay=1.0e-9 reset_delay=1.0 ic=0 data_load=1.0e-12 clk_load=1.0e-12 set_load=1.0e-12 reset_load=1.0e-12 rise_delay=1.0e-9 fall_delay=1.0e-9 ) 
* Schematic Name:                             d_inverter, Ngspice Name: d_inverter
.model u10 d_inverter(rise_delay=1.0e-9 fall_delay=1.0e-9 input_load=1.0e-12 ) 
* Schematic Name:                             d_buffer, Ngspice Name: d_buffer
.model u15 d_buffer(rise_delay=1.0e-9 fall_delay=1.0e-9 input_load=1.0e-12 ) 
* Schematic Name:                             d_buffer, Ngspice Name: d_buffer
.model u16 d_buffer(rise_delay=1.0e-9 fall_delay=1.0e-9 input_load=1.0e-12 ) 
* Schematic Name:                             d_buffer, Ngspice Name: d_buffer
.model u18 d_buffer(rise_delay=1.0e-9 fall_delay=1.0e-9 input_load=1.0e-12 ) 
* Schematic Name:                             d_buffer, Ngspice Name: d_buffer
.model u17 d_buffer(rise_delay=1.0e-9 fall_delay=1.0e-9 input_load=1.0e-12 ) 
* Schematic Name:                             d_buffer, Ngspice Name: d_buffer
.model u19 d_buffer(rise_delay=1.0e-9 fall_delay=1.0e-9 input_load=1.0e-12 ) 
* Schematic Name:                             d_buffer, Ngspice Name: d_buffer
.model u20 d_buffer(rise_delay=1.0e-9 fall_delay=1.0e-9 input_load=1.0e-12 ) 
* Schematic Name:                             d_buffer, Ngspice Name: d_buffer
.model u2 d_buffer(rise_delay=1.0e-9 fall_delay=1.0e-9 input_load=1.0e-12 ) 
* Schematic Name:                             d_dff, Ngspice Name: d_dff
.model u3 d_dff(clk_delay=1.0e-9 set_delay=1.0e-9 reset_delay=1.0 ic=0 data_load=1.0e-12 clk_load=1.0e-12 set_load=1.0e-12 reset_load=1.0e-12 rise_delay=1.0e-9 fall_delay=1.0e-9 ) 
* Schematic Name:                             d_inverter, Ngspice Name: d_inverter
.model u1 d_inverter(rise_delay=1.0e-9 fall_delay=1.0e-9 input_load=1.0e-12 ) 
* Schematic Name:                             d_buffer, Ngspice Name: d_buffer
.model u13 d_buffer(rise_delay=1.0e-9 fall_delay=1.0e-9 input_load=1.0e-12 ) 
* Schematic Name:                             d_buffer, Ngspice Name: d_buffer
.model u14 d_buffer(rise_delay=1.0e-9 fall_delay=1.0e-9 input_load=1.0e-12 ) 
.tran 0e-00 0e-00 0e-00

* Control Statements 
.control
run
print allv > plot_data_v.txt
print alli > plot_data_i.txt
.endc
.end
