.title kicad schematic

.include 4_and.sub
.include 4_OR.sub
* u20 net-_u20-pad1_ net-_u20-pad2_ net-_u20-pad3_ net-_u20-pad4_ net-_u17-pad3_ net-_u18-pad2_ net-_u19-pad1_ net-_u12-pad1_ net-_u13-pad1_ net-_u14-pad1_ net-_u1-pad1_ net-_u2-pad1_ net-_u20-pad13_ net-_u20-pad14_ port
* u6 net-_u20-pad2_ net-_u6-pad2_ d_buffer
* u5 net-_u20-pad1_ net-_u5-pad2_ d_buffer
* u8 net-_u20-pad4_ net-_u8-pad2_ d_buffer
* u7 net-_u20-pad3_ net-_u7-pad2_ d_buffer
x6 net-_u6-pad2_ net-_u12-pad2_ net-_u10-pad2_ net-_u11-pad1_ net-_x10-pad2_ 4_and
x5 net-_u5-pad2_ net-_u12-pad2_ net-_u10-pad2_ net-_u11-pad2_ net-_x10-pad1_ 4_and
x2 net-_u2-pad2_ net-_u9-pad2_ net-_u10-pad2_ net-_u11-pad1_ net-_x2-pad5_ 4_and
x4 net-_u4-pad2_ net-_u9-pad2_ net-_u10-pad1_ net-_u11-pad1_ net-_x4-pad5_ 4_and
x3 net-_u3-pad2_ net-_u9-pad2_ net-_u10-pad1_ net-_u11-pad2_ net-_x3-pad5_ 4_and
x1 net-_u1-pad2_ net-_u9-pad2_ net-_u10-pad2_ net-_u11-pad2_ net-_x1-pad5_ 4_OR
x7 net-_u7-pad2_ net-_u12-pad2_ net-_u10-pad1_ net-_u11-pad2_ net-_x10-pad3_ 4_and
x8 net-_u8-pad2_ net-_u12-pad2_ net-_u10-pad1_ net-_u11-pad1_ net-_x10-pad4_ 4_and
* u1 net-_u1-pad1_ net-_u1-pad2_ d_buffer
* u2 net-_u2-pad1_ net-_u2-pad2_ d_buffer
* u3 net-_u20-pad13_ net-_u3-pad2_ d_buffer
* u4 net-_u20-pad14_ net-_u4-pad2_ d_buffer
x9 net-_x1-pad5_ net-_x2-pad5_ net-_x3-pad5_ net-_x4-pad5_ net-_u15-pad1_ 4_OR
* u17 net-_u15-pad3_ net-_u17-pad2_ net-_u17-pad3_ d_tristate
* u19 net-_u19-pad1_ net-_u17-pad2_ d_inverter
* u15 net-_u15-pad1_ net-_u15-pad2_ net-_u15-pad3_ d_nor
x10 net-_x10-pad1_ net-_x10-pad2_ net-_x10-pad3_ net-_x10-pad4_ net-_u15-pad2_ 4_OR
* u16 net-_u15-pad3_ net-_u16-pad2_ net-_u16-pad3_ d_tristate
* u21 net-_u17-pad2_ net-_u16-pad2_ d_inverter
* u18 net-_u16-pad3_ net-_u18-pad2_ d_inverter
* u9 net-_u12-pad2_ net-_u9-pad2_ d_inverter
* u11 net-_u11-pad1_ net-_u11-pad2_ d_inverter
* u10 net-_u10-pad1_ net-_u10-pad2_ d_inverter
* u14 net-_u14-pad1_ net-_u11-pad1_ d_inverter
* u13 net-_u13-pad1_ net-_u10-pad1_ d_inverter
* u12 net-_u12-pad1_ net-_u12-pad2_ d_inverter
a1 net-_u20-pad2_ net-_u6-pad2_ u6
a2 net-_u20-pad1_ net-_u5-pad2_ u5
a3 net-_u20-pad4_ net-_u8-pad2_ u8
a4 net-_u20-pad3_ net-_u7-pad2_ u7
a5 net-_u1-pad1_ net-_u1-pad2_ u1
a6 net-_u2-pad1_ net-_u2-pad2_ u2
a7 net-_u20-pad13_ net-_u3-pad2_ u3
a8 net-_u20-pad14_ net-_u4-pad2_ u4
a9 net-_u15-pad3_ net-_u17-pad2_ net-_u17-pad3_ u17
a10 net-_u19-pad1_ net-_u17-pad2_ u19
a11 [net-_u15-pad1_ net-_u15-pad2_ ] net-_u15-pad3_ u15
a12 net-_u15-pad3_ net-_u16-pad2_ net-_u16-pad3_ u16
a13 net-_u17-pad2_ net-_u16-pad2_ u21
a14 net-_u16-pad3_ net-_u18-pad2_ u18
a15 net-_u12-pad2_ net-_u9-pad2_ u9
a16 net-_u11-pad1_ net-_u11-pad2_ u11
a17 net-_u10-pad1_ net-_u10-pad2_ u10
a18 net-_u14-pad1_ net-_u11-pad1_ u14
a19 net-_u13-pad1_ net-_u10-pad1_ u13
a20 net-_u12-pad1_ net-_u12-pad2_ u12
* Schematic Name:                             d_buffer, Ngspice Name: d_buffer
.model u6 d_buffer(rise_delay=1.0e-9 fall_delay=1.0e-9 input_load=1.0e-12 ) 
* Schematic Name:                             d_buffer, Ngspice Name: d_buffer
.model u5 d_buffer(rise_delay=1.0e-9 fall_delay=1.0e-9 input_load=1.0e-12 ) 
* Schematic Name:                             d_buffer, Ngspice Name: d_buffer
.model u8 d_buffer(rise_delay=1.0e-9 fall_delay=1.0e-9 input_load=1.0e-12 ) 
* Schematic Name:                             d_buffer, Ngspice Name: d_buffer
.model u7 d_buffer(rise_delay=1.0e-9 fall_delay=1.0e-9 input_load=1.0e-12 ) 
* Schematic Name:                             d_buffer, Ngspice Name: d_buffer
.model u1 d_buffer(rise_delay=1.0e-9 fall_delay=1.0e-9 input_load=1.0e-12 ) 
* Schematic Name:                             d_buffer, Ngspice Name: d_buffer
.model u2 d_buffer(rise_delay=1.0e-9 fall_delay=1.0e-9 input_load=1.0e-12 ) 
* Schematic Name:                             d_buffer, Ngspice Name: d_buffer
.model u3 d_buffer(rise_delay=1.0e-9 fall_delay=1.0e-9 input_load=1.0e-12 ) 
* Schematic Name:                             d_buffer, Ngspice Name: d_buffer
.model u4 d_buffer(rise_delay=1.0e-9 fall_delay=1.0e-9 input_load=1.0e-12 ) 
* Schematic Name:                             d_tristate, Ngspice Name: d_tristate
.model u17 d_tristate(delay=1.0e-9 input_load=1.0e-12 enable_load=1.0e-12 ) 
* Schematic Name:                             d_inverter, Ngspice Name: d_inverter
.model u19 d_inverter(rise_delay=1.0e-9 fall_delay=1.0e-9 input_load=1.0e-12 ) 
* Schematic Name:                             d_nor, Ngspice Name: d_nor
.model u15 d_nor(rise_delay=1.0e-9 fall_delay=1.0e-9 input_load=1.0e-12 ) 
* Schematic Name:                             d_tristate, Ngspice Name: d_tristate
.model u16 d_tristate(delay=1.0e-9 input_load=1.0e-12 enable_load=1.0e-12 ) 
* Schematic Name:                             d_inverter, Ngspice Name: d_inverter
.model u21 d_inverter(rise_delay=1.0e-9 fall_delay=1.0e-9 input_load=1.0e-12 ) 
* Schematic Name:                             d_inverter, Ngspice Name: d_inverter
.model u18 d_inverter(rise_delay=1.0e-9 fall_delay=1.0e-9 input_load=1.0e-12 ) 
* Schematic Name:                             d_inverter, Ngspice Name: d_inverter
.model u9 d_inverter(rise_delay=1.0e-9 fall_delay=1.0e-9 input_load=1.0e-12 ) 
* Schematic Name:                             d_inverter, Ngspice Name: d_inverter
.model u11 d_inverter(rise_delay=1.0e-9 fall_delay=1.0e-9 input_load=1.0e-12 ) 
* Schematic Name:                             d_inverter, Ngspice Name: d_inverter
.model u10 d_inverter(rise_delay=1.0e-9 fall_delay=1.0e-9 input_load=1.0e-12 ) 
* Schematic Name:                             d_inverter, Ngspice Name: d_inverter
.model u14 d_inverter(rise_delay=1.0e-9 fall_delay=1.0e-9 input_load=1.0e-12 ) 
* Schematic Name:                             d_inverter, Ngspice Name: d_inverter
.model u13 d_inverter(rise_delay=1.0e-9 fall_delay=1.0e-9 input_load=1.0e-12 ) 
* Schematic Name:                             d_inverter, Ngspice Name: d_inverter
.model u12 d_inverter(rise_delay=1.0e-9 fall_delay=1.0e-9 input_load=1.0e-12 ) 
.tran 0e-00 0e-00 0e-00

* Control Statements 
.control
run
print allv > plot_data_v.txt
print alli > plot_data_i.txt
.endc
.end
