
==========================================================================
detailed place report_tns
--------------------------------------------------------------------------
tns max 0.00

==========================================================================
detailed place report_wns
--------------------------------------------------------------------------
wns max 0.00

==========================================================================
detailed place report_worst_slack
--------------------------------------------------------------------------
worst slack max INF

==========================================================================
detailed place report_clock_min_period
--------------------------------------------------------------------------
clk period_min = 0.00 fmax = inf

==========================================================================
detailed place report_checks -path_delay min
--------------------------------------------------------------------------
No paths found.

==========================================================================
detailed place report_checks -path_delay max
--------------------------------------------------------------------------
No paths found.

==========================================================================
detailed place report_checks -unconstrained
--------------------------------------------------------------------------
Startpoint: in2 (input port)
Endpoint: sum (output port)
Path Group: unconstrained
Path Type: max

Fanout     Cap    Slew   Delay    Time   Description
-----------------------------------------------------------------------------
                          0.10    0.10 v input external delay
     1    0.02    0.00    0.00    0.10 v in2 (in)
                                         in2 (net)
                  0.00    0.00    0.10 v input2/A (sky130_fd_sc_hd__clkdlybuf4s50_1)
     1    0.01    0.07    0.42    0.52 v input2/X (sky130_fd_sc_hd__clkdlybuf4s50_1)
                                         net2 (net)
                  0.07    0.00    0.52 v _0_/B (sky130_fd_sc_hd__ha_1)
     1    0.00    0.05    0.28    0.80 ^ _0_/SUM (sky130_fd_sc_hd__ha_1)
                                         net4 (net)
                  0.05    0.00    0.80 ^ output4/A (sky130_fd_sc_hd__clkdlybuf4s50_1)
     1    0.01    0.15    0.55    1.36 ^ output4/X (sky130_fd_sc_hd__clkdlybuf4s50_1)
                                         sum (net)
                  0.15    0.00    1.36 ^ sum (out)
                                  1.36   data arrival time
-----------------------------------------------------------------------------
(Path is unconstrained)



==========================================================================
detailed place report_check_types -max_slew -max_cap -max_fanout -violators
--------------------------------------------------------------------------

==========================================================================
detailed place max_slew_check_slack
--------------------------------------------------------------------------
1.338617205619812

==========================================================================
detailed place max_slew_check_limit
--------------------------------------------------------------------------
1.4953149557113647

==========================================================================
detailed place max_slew_check_slack_limit
--------------------------------------------------------------------------
0.8952

==========================================================================
detailed place max_fanout_check_slack
--------------------------------------------------------------------------
1.0000000150474662e+30

==========================================================================
detailed place max_fanout_check_limit
--------------------------------------------------------------------------
1.0000000150474662e+30

==========================================================================
detailed place max_capacitance_check_slack
--------------------------------------------------------------------------
0.14153872430324554

==========================================================================
detailed place max_capacitance_check_limit
--------------------------------------------------------------------------
0.15656499564647675

==========================================================================
detailed place max_capacitance_check_slack_limit
--------------------------------------------------------------------------
0.9040

==========================================================================
detailed place max_slew_violation_count
--------------------------------------------------------------------------
max slew violation count 0

==========================================================================
detailed place max_fanout_violation_count
--------------------------------------------------------------------------
max fanout violation count 0

==========================================================================
detailed place max_cap_violation_count
--------------------------------------------------------------------------
max cap violation count 0

==========================================================================
detailed place setup_violation_count
--------------------------------------------------------------------------
setup violation count 0

==========================================================================
detailed place hold_violation_count
--------------------------------------------------------------------------
hold violation count 0

==========================================================================
detailed place critical path delay
--------------------------------------------------------------------------
-1

==========================================================================
detailed place critical path slack
--------------------------------------------------------------------------
0

==========================================================================
detailed place slack div critical path delay
--------------------------------------------------------------------------
0.000000

==========================================================================
detailed place report_power
--------------------------------------------------------------------------
Group                  Internal  Switching    Leakage      Total
                          Power      Power      Power      Power (Watts)
----------------------------------------------------------------
Sequential             0.00e+00   0.00e+00   0.00e+00   0.00e+00   0.0%
Combinational          1.89e-06   1.06e-06   2.32e-11   2.95e-06 100.0%
Clock                  0.00e+00   0.00e+00   0.00e+00   0.00e+00   0.0%
Macro                  0.00e+00   0.00e+00   0.00e+00   0.00e+00   0.0%
Pad                    0.00e+00   0.00e+00   0.00e+00   0.00e+00   0.0%
----------------------------------------------------------------
Total                  1.89e-06   1.06e-06   2.32e-11   2.95e-06 100.0%
                          64.0%      36.0%       0.0%
