.title kicad schematic

.include NPN.lib
r4 net-_q3-pad1_ net-_q11-pad1_ 2.4k
* u1 net-_q3-pad2_ unconnected-_u1-pad2_ net-_q4-pad1_ net-_q3-pad3_ net-_r10-pad1_ unconnected-_u1-pad6_ net-_q11-pad3_ net-_q10-pad1_ unconnected-_u1-pad9_ net-_q11-pad1_ net-_q1-pad3_ net-_q2-pad1_ unconnected-_u1-pad13_ net-_q1-pad2_ port
q1 net-_q1-pad1_ net-_q1-pad2_ net-_q1-pad3_ Q2N2222
r7 net-_q10-pad2_ net-_q11-pad1_ 10k
q3 net-_q3-pad1_ net-_q3-pad2_ net-_q3-pad3_ Q2N2222
r1 net-_q1-pad1_ net-_q11-pad1_ 2.4k
r6 net-_r10-pad1_ net-_q4-pad3_ 600
q4 net-_q4-pad1_ net-_q10-pad2_ net-_q4-pad3_ Q2N2222
r10 net-_r10-pad1_ net-_q7-pad3_ 300
r8 net-_r10-pad1_ net-_q5-pad3_ 1.4k
q5 net-_q10-pad2_ net-_q10-pad2_ net-_q5-pad3_ Q2N2222
r13 net-_q8-pad1_ net-_q11-pad1_ 1.1k
r9 net-_q11-pad2_ net-_q11-pad1_ 1.1k
q9 net-_q11-pad1_ net-_q8-pad1_ net-_q10-pad1_ Q2N2222
q11 net-_q11-pad1_ net-_q11-pad2_ net-_q11-pad3_ Q2N2222
r3 net-_r10-pad1_ net-_q2-pad3_ 600
q2 net-_q2-pad1_ net-_q10-pad2_ net-_q2-pad3_ Q2N2222
r5 net-_q4-pad1_ net-_q3-pad3_ 50
r2 net-_q2-pad1_ net-_q1-pad3_ 50
r12 net-_q11-pad3_ net-_q3-pad1_ 7k
q7 net-_q6-pad3_ net-_q10-pad2_ net-_q7-pad3_ Q2N2222
r14 net-_r10-pad1_ net-_q10-pad3_ 400
q10 net-_q10-pad1_ net-_q10-pad2_ net-_q10-pad3_ Q2N2222
q12 net-_q11-pad3_ net-_q10-pad2_ net-_q12-pad3_ Q2N2222
r15 net-_r10-pad1_ net-_q12-pad3_ 400
r11 net-_q10-pad1_ net-_q1-pad1_ 7k
q8 net-_q8-pad1_ net-_q1-pad1_ net-_q6-pad3_ Q2N2222
q6 net-_q11-pad2_ net-_q3-pad1_ net-_q6-pad3_ Q2N2222
.tran 0e-00 0e-00 0e-00

* Control Statements 
.control
run
print allv > plot_data_v.txt
print alli > plot_data_i.txt
.endc
.end
